============================================================
MODAL DAGGER v2 — GPU training + cached parallel rollouts
============================================================
  hidden=1024 blocks=6 (6,461,470 params)
  frames=2000 epochs=1000 bs=128 lr=0.0001
  collect: 80 landed + 20 failed
  run_dir=runs/F_normalized_h1024
  Fresh start from fresh_D_h1024.pt

  Pre-solving KTO pool (500 + 50 holdout)...
  Pre-solving KTO plans for 550 seeds...
    chunk 1/6: 100 plans (61s)
    chunk 2/6: 200 plans (123s)
    chunk 3/6: 300 plans (186s)
    chunk 4/6: 400 plans (250s)
    chunk 5/6: 500 plans (312s)
    chunk 6/6: 550 plans (358s)
  Pool complete: 550 plans in 358s
  Pool: 550 plans cached

============================================================
INITIAL COLLECTION: margin=0.200
============================================================
    Rollouts (240 seeds from pool)... 53s  (1 landed, 239 failed)
  1/240 landed = 0%
  Archive: 1698 frames

============================================================
Starting 20 DAgger rounds
============================================================

────────────────────────────────────────────────────────────
ROUND 1/20  |  margin=0.200  |  archive=1698 frames
────────────────────────────────────────────────────────────

  Sampling 2000 frames...
  Got 405 frames

  Training 1000 epochs on GPU...
    ckpt=25.9MB frames=108KB
    Done in 40.7s, saved 25.9MB to runs/F_normalized_h1024/dagger_round1.pt
  Training took 43s
  Saved: runs/F_normalized_h1024/dagger_round1.pt

  Collecting at candidate margin=0.250...
    Rollouts (240 seeds from pool)... 59s  (1 landed, 239 failed)

  Holdout eval (collection: 1/240 = 0%):
    margin=0.001: 4/50 = 8%
    margin=0.200: 0/50 = 0%
    margin=0.250: 0/50 = 0%

  Archive: 480 eps, 5605 frames
  No improvement. margin stays at 0.200 (candidate 0 vs 70%×baseline=2)
  Round took 140s

────────────────────────────────────────────────────────────
ROUND 2/20  |  margin=0.200  |  archive=5605 frames
────────────────────────────────────────────────────────────

  Sampling 2000 frames...
  Got 419 frames

  Training 1000 epochs on GPU...
    ckpt=25.9MB frames=112KB
    Done in 42.2s, saved 25.9MB to runs/F_normalized_h1024/dagger_round2.pt
  Training took 45s
  Saved: runs/F_normalized_h1024/dagger_round2.pt

  Collecting at candidate margin=0.250...
    Rollouts (240 seeds from pool)... 214s  (0 landed, 240 failed)

  Holdout eval (collection: 0/240 = 0%):
    margin=0.001: 4/50 = 8%
    margin=0.200: 0/50 = 0%
    margin=0.250: 0/50 = 0%

  Archive: 720 eps, 7338 frames
  No improvement. margin stays at 0.200 (candidate 0 vs 70%×baseline=2)
  Round took 287s

────────────────────────────────────────────────────────────
ROUND 3/20  |  margin=0.200  |  archive=7338 frames
────────────────────────────────────────────────────────────

  Sampling 2000 frames...
  Got 419 frames

  Training 1000 epochs on GPU...
    ckpt=25.9MB frames=112KB
    Done in 50.8s, saved 25.9MB to runs/F_normalized_h1024/dagger_round3.pt
  Training took 54s
  Saved: runs/F_normalized_h1024/dagger_round3.pt

  Collecting at candidate margin=0.250...
    Rollouts (240 seeds from pool)...